[evisa-react.xpressbuddy.com/index.html]
[evisa-react.xpressbuddy.com/favicon.png]
[evisa-react.xpressbuddy.com/logo192.png]
[evisa-react.xpressbuddy.com/manifest.json]
[backblue.gif]
[fade.gif]
[index.html]
[evisa-react.xpressbuddy.com/index.html]
[evisa-react.xpressbuddy.com/static/css/main.a95bf24f.css]
[evisa-react.xpressbuddy.com/static/js/main.38c67a32.js]
[evisa-react.xpressbuddy.com/static/js/main.38c67a32.js]
[evisa-react.xpressbuddy.com/jsdom/index.html]
[evisa-react.xpressbuddy.com/static/media/fa-brands-400.2008e6316b604f95d937.ttf]
[evisa-react.xpressbuddy.com/static/media/fa-light-300.e4e189103bc7da2cfb49.ttf]
[evisa-react.xpressbuddy.com/static/media/fa-regular-400.c03c56dcbc7a76153c78.ttf]
[evisa-react.xpressbuddy.com/static/media/themify.9bad94440d49256265a5.eot]
[evisa-react.xpressbuddy.com/static/media/themify.9bad94440d49256265a5d41d.eot]
[evisa-react.xpressbuddy.com/static/media/themify.29b39089170885ae2967.woff]
[evisa-react.xpressbuddy.com/static/media/themify.eda8b94308c6f538f04a.ttf]
[evisa-react.xpressbuddy.com/static/media/themify.f0fc8c798eac5636249c.svg]
[evisa-react.xpressbuddy.com/static/media/quote_bg.a6f0b995dd074af3b83b.png]
[evisa-react.xpressbuddy.com/static/css/main.a95bf24f.css]
[evisa-react.xpressbuddy.com/jsdom/index.html]
[evisa-react.xpressbuddy.com/static/media/fa-solid-900.d546d748f7c0e96132d4.ttf]
[evisa-react.xpressbuddy.com/static/media/themify.f0fc8c798eac5636249c.svg]
